ERROR - 2026-05-20 05:35:33 --> UNIQUE constraint failed: db_employes.email
in SYSTEMPATH/Database/SQLite3/Connection.php on line 163.
 1 SYSTEMPATH/Database/SQLite3/Connection.php(163): SQLite3->exec()
 2 SYSTEMPATH/Database/BaseConnection.php(910): CodeIgniter\Database\SQLite3\Connection->execute()
 3 SYSTEMPATH/Database/BaseConnection.php(827): CodeIgniter\Database\BaseConnection->simpleQuery()
 4 SYSTEMPATH/Database/BaseBuilder.php(1841): CodeIgniter\Database\BaseConnection->query()
 5 SYSTEMPATH/Database/BaseBuilder.php(2230): CodeIgniter\Database\BaseBuilder->batchExecute()
 6 APPPATH/Database/Seeds/EmployeSeeder.php(58): CodeIgniter\Database\BaseBuilder->insertBatch()
 7 SYSTEMPATH/Database/Seeder.php(155): App\Database\Seeds\EmployeSeeder->run()
 8 APPPATH/Database/Seeds/MainSeeder.php(13): CodeIgniter\Database\Seeder->call()
 9 SYSTEMPATH/Database/Seeder.php(155): App\Database\Seeds\MainSeeder->run()
10 SYSTEMPATH/Commands/Database/Seed.php(79): CodeIgniter\Database\Seeder->call()
11 SYSTEMPATH/CLI/Commands.php(74): CodeIgniter\Commands\Database\Seed->run()
12 SYSTEMPATH/CLI/Console.php(47): CodeIgniter\CLI\Commands->run()
13 SYSTEMPATH/Boot.php(442): CodeIgniter\CLI\Console->run()
14 SYSTEMPATH/Boot.php(166): CodeIgniter\Boot::runCommand()
15 ROOTPATH/spark(87): CodeIgniter\Boot::bootSpark()
CRITICAL - 2026-05-20 05:40:42 --> Error: Call to undefined function set_value()
[Method: GET, Route: employe/demande]
in APPPATH/Views/employe/demande.php on line 64.
 1 SYSTEMPATH/View/View.php(240): include()
 2 SYSTEMPATH/View/View.php(243): CodeIgniter\View\View->CodeIgniter\View\{closure}()
 3 SYSTEMPATH/Common.php(1250): CodeIgniter\View\View->render()
 4 APPPATH/Controllers/EmployeController.php(53): view()
 5 SYSTEMPATH/CodeIgniter.php(951): App\Controllers\EmployeController->nouvelleDemande()
 6 SYSTEMPATH/CodeIgniter.php(497): CodeIgniter\CodeIgniter->runController()
 7 SYSTEMPATH/CodeIgniter.php(340): CodeIgniter\CodeIgniter->handleRequest()
 8 SYSTEMPATH/Boot.php(417): CodeIgniter\CodeIgniter->run()
 9 SYSTEMPATH/Boot.php(68): CodeIgniter\Boot::runCodeIgniter()
10 FCPATH/index.php(59): CodeIgniter\Boot::bootWeb()
11 SYSTEMPATH/rewrite.php(44): require_once('/home/itu/SI/Mini-projet_systemTech-RH/public/index.php')
CRITICAL - 2026-05-20 05:52:41 --> Error: Call to undefined function set_value()
[Method: GET, Route: employe/demande]
in APPPATH/Views/employe/demande.php on line 64.
 1 SYSTEMPATH/View/View.php(240): include()
 2 SYSTEMPATH/View/View.php(243): CodeIgniter\View\View->CodeIgniter\View\{closure}()
 3 SYSTEMPATH/Common.php(1250): CodeIgniter\View\View->render()
 4 APPPATH/Controllers/EmployeController.php(53): view()
 5 SYSTEMPATH/CodeIgniter.php(951): App\Controllers\EmployeController->nouvelleDemande()
 6 SYSTEMPATH/CodeIgniter.php(497): CodeIgniter\CodeIgniter->runController()
 7 SYSTEMPATH/CodeIgniter.php(340): CodeIgniter\CodeIgniter->handleRequest()
 8 SYSTEMPATH/Boot.php(417): CodeIgniter\CodeIgniter->run()
 9 SYSTEMPATH/Boot.php(68): CodeIgniter\Boot::runCodeIgniter()
10 FCPATH/index.php(59): CodeIgniter\Boot::bootWeb()
11 SYSTEMPATH/rewrite.php(44): require_once('/home/itu/SI/Mini-projet_systemTech-RH/public/index.php')
CRITICAL - 2026-05-20 06:54:34 --> ErrorException: Cannot redeclare App\Controllers\AdminController::updateEmploye()
[Method: GET, Route: admin]
in APPPATH/Controllers/AdminController.php on line 143.
 1 [internal function]: CodeIgniter\Debug\Exceptions->shutdownHandler()
CRITICAL - 2026-05-20 06:55:00 --> ErrorException: Cannot redeclare App\Controllers\AdminController::updateEmploye()
[Method: GET, Route: admin]
in APPPATH/Controllers/AdminController.php on line 143.
 1 [internal function]: CodeIgniter\Debug\Exceptions->shutdownHandler()
CRITICAL - 2026-05-20 07:17:50 --> ErrorException: Cannot redeclare App\Controllers\EmployeController::calendrier()
[Method: GET, Route: employe]
in APPPATH/Controllers/EmployeController.php on line 274.
 1 [internal function]: CodeIgniter\Debug\Exceptions->shutdownHandler()
CRITICAL - 2026-05-20 07:18:32 --> ErrorException: Cannot redeclare App\Controllers\EmployeController::calendrier()
[Method: GET, Route: employe]
in APPPATH/Controllers/EmployeController.php on line 274.
 1 [internal function]: CodeIgniter\Debug\Exceptions->shutdownHandler()
CRITICAL - 2026-05-20 07:22:11 --> ErrorException: Cannot redeclare App\Controllers\EmployeController::calendrier()
[Method: GET, Route: employe]
in APPPATH/Controllers/EmployeController.php on line 274.
 1 [internal function]: CodeIgniter\Debug\Exceptions->shutdownHandler()
CRITICAL - 2026-05-20 07:28:24 --> ErrorException: Cannot redeclare App\Controllers\AdminController::updateEmploye()
[Method: GET, Route: admin]
in APPPATH/Controllers/AdminController.php on line 143.
 1 [internal function]: CodeIgniter\Debug\Exceptions->shutdownHandler()
