WARNING - 2026-05-13 06:28:09 --> [DEPRECATED] Passing lowercase HTTP method "get" is deprecated. Use uppercase HTTP method like "GET". in SYSTEMPATH/Router/RouteCollection.php on line 1026.
 1 SYSTEMPATH/Router/RouteCollection.php(1026): trigger_error('Passing lowercase HTTP method "get" is deprecated. Use uppercase HTTP method like "GET".', 16384)
 2 APPPATH/Config/Routes.php(12): CodeIgniter\Router\RouteCollection->match([...], 'objectifs/choose', 'ObjectifController::choose', [...])
 3 SYSTEMPATH/Router/RouteCollection.php(339): require('/opt/lampp/htdocs/S4/SysInf/codeigniter4/Mini-projet_systemTech-RH/app/Config/Routes.php')
 4 SYSTEMPATH/CLI/Console.php(41): CodeIgniter\Router\RouteCollection->loadRoutes()
 5 SYSTEMPATH/Boot.php(442): CodeIgniter\CLI\Console->run()
 6 SYSTEMPATH/Boot.php(166): CodeIgniter\Boot::runCommand(Object(CodeIgniter\CLI\Console))
 7 ROOTPATH/spark(87): CodeIgniter\Boot::bootSpark(Object(Config\Paths))
WARNING - 2026-05-13 06:28:09 --> [DEPRECATED] Passing lowercase HTTP method "post" is deprecated. Use uppercase HTTP method like "POST". in SYSTEMPATH/Router/RouteCollection.php on line 1026.
 1 SYSTEMPATH/Router/RouteCollection.php(1026): trigger_error('Passing lowercase HTTP method "post" is deprecated. Use uppercase HTTP method like "POST".', 16384)
 2 APPPATH/Config/Routes.php(12): CodeIgniter\Router\RouteCollection->match([...], 'objectifs/choose', 'ObjectifController::choose', [...])
 3 SYSTEMPATH/Router/RouteCollection.php(339): require('/opt/lampp/htdocs/S4/SysInf/codeigniter4/Mini-projet_systemTech-RH/app/Config/Routes.php')
 4 SYSTEMPATH/CLI/Console.php(41): CodeIgniter\Router\RouteCollection->loadRoutes()
 5 SYSTEMPATH/Boot.php(442): CodeIgniter\CLI\Console->run()
 6 SYSTEMPATH/Boot.php(166): CodeIgniter\Boot::runCommand(Object(CodeIgniter\CLI\Console))
 7 ROOTPATH/spark(87): CodeIgniter\Boot::bootSpark(Object(Config\Paths))
WARNING - 2026-05-13 06:28:40 --> [DEPRECATED] Passing lowercase HTTP method "get" is deprecated. Use uppercase HTTP method like "GET". in SYSTEMPATH/Router/RouteCollection.php on line 1026.
 1 SYSTEMPATH/Router/RouteCollection.php(1026): trigger_error('Passing lowercase HTTP method "get" is deprecated. Use uppercase HTTP method like "GET".', 16384)
 2 APPPATH/Config/Routes.php(12): CodeIgniter\Router\RouteCollection->match([...], 'objectifs/choose', 'ObjectifController::choose', [...])
 3 SYSTEMPATH/Router/RouteCollection.php(339): require('/opt/lampp/htdocs/S4/SysInf/codeigniter4/Mini-projet_systemTech-RH/app/Config/Routes.php')
 4 SYSTEMPATH/CodeIgniter.php(818): CodeIgniter\Router\RouteCollection->loadRoutes()
 5 SYSTEMPATH/CodeIgniter.php(441): CodeIgniter\CodeIgniter->tryToRouteIt(null)
 6 SYSTEMPATH/CodeIgniter.php(340): CodeIgniter\CodeIgniter->handleRequest(null, Object(Config\Cache), false)
 7 SYSTEMPATH/Boot.php(417): CodeIgniter\CodeIgniter->run()
 8 SYSTEMPATH/Boot.php(68): CodeIgniter\Boot::runCodeIgniter(Object(CodeIgniter\CodeIgniter))
 9 FCPATH/index.php(59): CodeIgniter\Boot::bootWeb(Object(Config\Paths))
10 SYSTEMPATH/rewrite.php(44): require_once('/opt/lampp/htdocs/S4/SysInf/codeigniter4/Mini-projet_systemTech-RH/public/index.php')
WARNING - 2026-05-13 06:28:40 --> [DEPRECATED] Passing lowercase HTTP method "post" is deprecated. Use uppercase HTTP method like "POST". in SYSTEMPATH/Router/RouteCollection.php on line 1026.
 1 SYSTEMPATH/Router/RouteCollection.php(1026): trigger_error('Passing lowercase HTTP method "post" is deprecated. Use uppercase HTTP method like "POST".', 16384)
 2 APPPATH/Config/Routes.php(12): CodeIgniter\Router\RouteCollection->match([...], 'objectifs/choose', 'ObjectifController::choose', [...])
 3 SYSTEMPATH/Router/RouteCollection.php(339): require('/opt/lampp/htdocs/S4/SysInf/codeigniter4/Mini-projet_systemTech-RH/app/Config/Routes.php')
 4 SYSTEMPATH/CodeIgniter.php(818): CodeIgniter\Router\RouteCollection->loadRoutes()
 5 SYSTEMPATH/CodeIgniter.php(441): CodeIgniter\CodeIgniter->tryToRouteIt(null)
 6 SYSTEMPATH/CodeIgniter.php(340): CodeIgniter\CodeIgniter->handleRequest(null, Object(Config\Cache), false)
 7 SYSTEMPATH/Boot.php(417): CodeIgniter\CodeIgniter->run()
 8 SYSTEMPATH/Boot.php(68): CodeIgniter\Boot::runCodeIgniter(Object(CodeIgniter\CodeIgniter))
 9 FCPATH/index.php(59): CodeIgniter\Boot::bootWeb(Object(Config\Paths))
10 SYSTEMPATH/rewrite.php(44): require_once('/opt/lampp/htdocs/S4/SysInf/codeigniter4/Mini-projet_systemTech-RH/public/index.php')
DEBUG - 2026-05-13 06:28:40 --> Session: Class initialized using 'CodeIgniter\Session\Handlers\FileHandler' driver.
WARNING - 2026-05-13 06:28:41 --> [DEPRECATED] Passing lowercase HTTP method "get" is deprecated. Use uppercase HTTP method like "GET". in SYSTEMPATH/Router/RouteCollection.php on line 1026.
 1 SYSTEMPATH/Router/RouteCollection.php(1026): trigger_error('Passing lowercase HTTP method "get" is deprecated. Use uppercase HTTP method like "GET".', 16384)
 2 APPPATH/Config/Routes.php(12): CodeIgniter\Router\RouteCollection->match([...], 'objectifs/choose', 'ObjectifController::choose', [...])
 3 SYSTEMPATH/Router/RouteCollection.php(339): require('/opt/lampp/htdocs/S4/SysInf/codeigniter4/Mini-projet_systemTech-RH/app/Config/Routes.php')
 4 SYSTEMPATH/CodeIgniter.php(818): CodeIgniter\Router\RouteCollection->loadRoutes()
 5 SYSTEMPATH/CodeIgniter.php(441): CodeIgniter\CodeIgniter->tryToRouteIt(null)
 6 SYSTEMPATH/CodeIgniter.php(340): CodeIgniter\CodeIgniter->handleRequest(null, Object(Config\Cache), false)
 7 SYSTEMPATH/Boot.php(417): CodeIgniter\CodeIgniter->run()
 8 SYSTEMPATH/Boot.php(68): CodeIgniter\Boot::runCodeIgniter(Object(CodeIgniter\CodeIgniter))
 9 FCPATH/index.php(59): CodeIgniter\Boot::bootWeb(Object(Config\Paths))
10 SYSTEMPATH/rewrite.php(44): require_once('/opt/lampp/htdocs/S4/SysInf/codeigniter4/Mini-projet_systemTech-RH/public/index.php')
WARNING - 2026-05-13 06:28:41 --> [DEPRECATED] Passing lowercase HTTP method "post" is deprecated. Use uppercase HTTP method like "POST". in SYSTEMPATH/Router/RouteCollection.php on line 1026.
 1 SYSTEMPATH/Router/RouteCollection.php(1026): trigger_error('Passing lowercase HTTP method "post" is deprecated. Use uppercase HTTP method like "POST".', 16384)
 2 APPPATH/Config/Routes.php(12): CodeIgniter\Router\RouteCollection->match([...], 'objectifs/choose', 'ObjectifController::choose', [...])
 3 SYSTEMPATH/Router/RouteCollection.php(339): require('/opt/lampp/htdocs/S4/SysInf/codeigniter4/Mini-projet_systemTech-RH/app/Config/Routes.php')
 4 SYSTEMPATH/CodeIgniter.php(818): CodeIgniter\Router\RouteCollection->loadRoutes()
 5 SYSTEMPATH/CodeIgniter.php(441): CodeIgniter\CodeIgniter->tryToRouteIt(null)
 6 SYSTEMPATH/CodeIgniter.php(340): CodeIgniter\CodeIgniter->handleRequest(null, Object(Config\Cache), false)
 7 SYSTEMPATH/Boot.php(417): CodeIgniter\CodeIgniter->run()
 8 SYSTEMPATH/Boot.php(68): CodeIgniter\Boot::runCodeIgniter(Object(CodeIgniter\CodeIgniter))
 9 FCPATH/index.php(59): CodeIgniter\Boot::bootWeb(Object(Config\Paths))
10 SYSTEMPATH/rewrite.php(44): require_once('/opt/lampp/htdocs/S4/SysInf/codeigniter4/Mini-projet_systemTech-RH/public/index.php')
ERROR - 2026-05-13 06:28:41 --> Error connecting to the database: mysqli_sql_exception: Connection refused in /opt/lampp/htdocs/S4/SysInf/codeigniter4/Mini-projet_systemTech-RH/system/Database/MySQLi/Connection.php:201
Stack trace:
#0 /opt/lampp/htdocs/S4/SysInf/codeigniter4/Mini-projet_systemTech-RH/system/Database/MySQLi/Connection.php(201): mysqli->real_connect('127.0.0.1', 'root', Object(SensitiveParameterValue), 'gestionsante', 3306, '', 0)
#1 /opt/lampp/htdocs/S4/SysInf/codeigniter4/Mini-projet_systemTech-RH/system/Database/BaseConnection.php(555): CodeIgniter\Database\MySQLi\Connection->connect(false)
#2 /opt/lampp/htdocs/S4/SysInf/codeigniter4/Mini-projet_systemTech-RH/system/Database/BaseConnection.php(795): CodeIgniter\Database\BaseConnection->initialize()
#3 /opt/lampp/htdocs/S4/SysInf/codeigniter4/Mini-projet_systemTech-RH/system/Database/BaseBuilder.php(1649): CodeIgniter\Database\BaseConnection->query('SELECT `utilisa...', Array, false)
#4 /opt/lampp/htdocs/S4/SysInf/codeigniter4/Mini-projet_systemTech-RH/system/Model.php(295): CodeIgniter\Database\BaseBuilder->get()
#5 /opt/lampp/htdocs/S4/SysInf/codeigniter4/Mini-projet_systemTech-RH/system/BaseModel.php(714): CodeIgniter\Model->doFirst()
#6 /opt/lampp/htdocs/S4/SysInf/codeigniter4/Mini-projet_systemTech-RH/app/Models/UtilisateurModel.php(100): CodeIgniter\BaseModel->first()
#7 /opt/lampp/htdocs/S4/SysInf/codeigniter4/Mini-projet_systemTech-RH/app/Controllers/AuthController.php(20): App\Models\UtilisateurModel->getAdminLoginData()
#8 /opt/lampp/htdocs/S4/SysInf/codeigniter4/Mini-projet_systemTech-RH/system/CodeIgniter.php(951): App\Controllers\AuthController->login()
#9 /opt/lampp/htdocs/S4/SysInf/codeigniter4/Mini-projet_systemTech-RH/system/CodeIgniter.php(497): CodeIgniter\CodeIgniter->runController(Object(App\Controllers\AuthController))
#10 /opt/lampp/htdocs/S4/SysInf/codeigniter4/Mini-projet_systemTech-RH/system/CodeIgniter.php(340): CodeIgniter\CodeIgniter->handleRequest(NULL, Object(Config\Cache), false)
#11 /opt/lampp/htdocs/S4/SysInf/codeigniter4/Mini-projet_systemTech-RH/system/Boot.php(417): CodeIgniter\CodeIgniter->run()
#12 /opt/lampp/htdocs/S4/SysInf/codeigniter4/Mini-projet_systemTech-RH/system/Boot.php(68): CodeIgniter\Boot::runCodeIgniter(Object(CodeIgniter\CodeIgniter))
#13 /opt/lampp/htdocs/S4/SysInf/codeigniter4/Mini-projet_systemTech-RH/public/index.php(59): CodeIgniter\Boot::bootWeb(Object(Config\Paths))
#14 /opt/lampp/htdocs/S4/SysInf/codeigniter4/Mini-projet_systemTech-RH/system/rewrite.php(44): require_once('/opt/lampp/htdo...')
#15 {main}

Next CodeIgniter\Database\Exceptions\DatabaseException: Connection refused in /opt/lampp/htdocs/S4/SysInf/codeigniter4/Mini-projet_systemTech-RH/system/Database/MySQLi/Connection.php:231
Stack trace:
#0 /opt/lampp/htdocs/S4/SysInf/codeigniter4/Mini-projet_systemTech-RH/system/Database/BaseConnection.php(555): CodeIgniter\Database\MySQLi\Connection->connect(false)
#1 /opt/lampp/htdocs/S4/SysInf/codeigniter4/Mini-projet_systemTech-RH/system/Database/BaseConnection.php(795): CodeIgniter\Database\BaseConnection->initialize()
#2 /opt/lampp/htdocs/S4/SysInf/codeigniter4/Mini-projet_systemTech-RH/system/Database/BaseBuilder.php(1649): CodeIgniter\Database\BaseConnection->query('SELECT `utilisa...', Array, false)
#3 /opt/lampp/htdocs/S4/SysInf/codeigniter4/Mini-projet_systemTech-RH/system/Model.php(295): CodeIgniter\Database\BaseBuilder->get()
#4 /opt/lampp/htdocs/S4/SysInf/codeigniter4/Mini-projet_systemTech-RH/system/BaseModel.php(714): CodeIgniter\Model->doFirst()
#5 /opt/lampp/htdocs/S4/SysInf/codeigniter4/Mini-projet_systemTech-RH/app/Models/UtilisateurModel.php(100): CodeIgniter\BaseModel->first()
#6 /opt/lampp/htdocs/S4/SysInf/codeigniter4/Mini-projet_systemTech-RH/app/Controllers/AuthController.php(20): App\Models\UtilisateurModel->getAdminLoginData()
#7 /opt/lampp/htdocs/S4/SysInf/codeigniter4/Mini-projet_systemTech-RH/system/CodeIgniter.php(951): App\Controllers\AuthController->login()
#8 /opt/lampp/htdocs/S4/SysInf/codeigniter4/Mini-projet_systemTech-RH/system/CodeIgniter.php(497): CodeIgniter\CodeIgniter->runController(Object(App\Controllers\AuthController))
#9 /opt/lampp/htdocs/S4/SysInf/codeigniter4/Mini-projet_systemTech-RH/system/CodeIgniter.php(340): CodeIgniter\CodeIgniter->handleRequest(NULL, Object(Config\Cache), false)
#10 /opt/lampp/htdocs/S4/SysInf/codeigniter4/Mini-projet_systemTech-RH/system/Boot.php(417): CodeIgniter\CodeIgniter->run()
#11 /opt/lampp/htdocs/S4/SysInf/codeigniter4/Mini-projet_systemTech-RH/system/Boot.php(68): CodeIgniter\Boot::runCodeIgniter(Object(CodeIgniter\CodeIgniter))
#12 /opt/lampp/htdocs/S4/SysInf/codeigniter4/Mini-projet_systemTech-RH/public/index.php(59): CodeIgniter\Boot::bootWeb(Object(Config\Paths))
#13 /opt/lampp/htdocs/S4/SysInf/codeigniter4/Mini-projet_systemTech-RH/system/rewrite.php(44): require_once('/opt/lampp/htdo...')
#14 {main}
WARNING - 2026-05-13 06:28:42 --> [DEPRECATED] Passing lowercase HTTP method "get" is deprecated. Use uppercase HTTP method like "GET". in SYSTEMPATH/Router/RouteCollection.php on line 1026.
 1 SYSTEMPATH/Router/RouteCollection.php(1026): trigger_error('Passing lowercase HTTP method "get" is deprecated. Use uppercase HTTP method like "GET".', 16384)
 2 APPPATH/Config/Routes.php(12): CodeIgniter\Router\RouteCollection->match([...], 'objectifs/choose', 'ObjectifController::choose', [...])
 3 SYSTEMPATH/Router/RouteCollection.php(339): require('/opt/lampp/htdocs/S4/SysInf/codeigniter4/Mini-projet_systemTech-RH/app/Config/Routes.php')
 4 SYSTEMPATH/CodeIgniter.php(818): CodeIgniter\Router\RouteCollection->loadRoutes()
 5 SYSTEMPATH/CodeIgniter.php(441): CodeIgniter\CodeIgniter->tryToRouteIt(null)
 6 SYSTEMPATH/CodeIgniter.php(340): CodeIgniter\CodeIgniter->handleRequest(null, Object(Config\Cache), false)
 7 SYSTEMPATH/Boot.php(417): CodeIgniter\CodeIgniter->run()
 8 SYSTEMPATH/Boot.php(68): CodeIgniter\Boot::runCodeIgniter(Object(CodeIgniter\CodeIgniter))
 9 FCPATH/index.php(59): CodeIgniter\Boot::bootWeb(Object(Config\Paths))
10 SYSTEMPATH/rewrite.php(44): require_once('/opt/lampp/htdocs/S4/SysInf/codeigniter4/Mini-projet_systemTech-RH/public/index.php')
WARNING - 2026-05-13 06:28:42 --> [DEPRECATED] Passing lowercase HTTP method "post" is deprecated. Use uppercase HTTP method like "POST". in SYSTEMPATH/Router/RouteCollection.php on line 1026.
 1 SYSTEMPATH/Router/RouteCollection.php(1026): trigger_error('Passing lowercase HTTP method "post" is deprecated. Use uppercase HTTP method like "POST".', 16384)
 2 APPPATH/Config/Routes.php(12): CodeIgniter\Router\RouteCollection->match([...], 'objectifs/choose', 'ObjectifController::choose', [...])
 3 SYSTEMPATH/Router/RouteCollection.php(339): require('/opt/lampp/htdocs/S4/SysInf/codeigniter4/Mini-projet_systemTech-RH/app/Config/Routes.php')
 4 SYSTEMPATH/CodeIgniter.php(818): CodeIgniter\Router\RouteCollection->loadRoutes()
 5 SYSTEMPATH/CodeIgniter.php(441): CodeIgniter\CodeIgniter->tryToRouteIt(null)
 6 SYSTEMPATH/CodeIgniter.php(340): CodeIgniter\CodeIgniter->handleRequest(null, Object(Config\Cache), false)
 7 SYSTEMPATH/Boot.php(417): CodeIgniter\CodeIgniter->run()
 8 SYSTEMPATH/Boot.php(68): CodeIgniter\Boot::runCodeIgniter(Object(CodeIgniter\CodeIgniter))
 9 FCPATH/index.php(59): CodeIgniter\Boot::bootWeb(Object(Config\Paths))
10 SYSTEMPATH/rewrite.php(44): require_once('/opt/lampp/htdocs/S4/SysInf/codeigniter4/Mini-projet_systemTech-RH/public/index.php')
ERROR - 2026-05-13 06:28:42 --> Error connecting to the database: mysqli_sql_exception: Connection refused in /opt/lampp/htdocs/S4/SysInf/codeigniter4/Mini-projet_systemTech-RH/system/Database/MySQLi/Connection.php:201
Stack trace:
#0 /opt/lampp/htdocs/S4/SysInf/codeigniter4/Mini-projet_systemTech-RH/system/Database/MySQLi/Connection.php(201): mysqli->real_connect('127.0.0.1', 'root', Object(SensitiveParameterValue), 'gestionsante', 3306, '', 0)
#1 /opt/lampp/htdocs/S4/SysInf/codeigniter4/Mini-projet_systemTech-RH/system/Database/BaseConnection.php(555): CodeIgniter\Database\MySQLi\Connection->connect(false)
#2 /opt/lampp/htdocs/S4/SysInf/codeigniter4/Mini-projet_systemTech-RH/system/Database/BaseConnection.php(795): CodeIgniter\Database\BaseConnection->initialize()
#3 /opt/lampp/htdocs/S4/SysInf/codeigniter4/Mini-projet_systemTech-RH/system/Database/BaseBuilder.php(1649): CodeIgniter\Database\BaseConnection->query('SELECT `utilisa...', Array, false)
#4 /opt/lampp/htdocs/S4/SysInf/codeigniter4/Mini-projet_systemTech-RH/system/Model.php(295): CodeIgniter\Database\BaseBuilder->get()
#5 /opt/lampp/htdocs/S4/SysInf/codeigniter4/Mini-projet_systemTech-RH/system/BaseModel.php(714): CodeIgniter\Model->doFirst()
#6 /opt/lampp/htdocs/S4/SysInf/codeigniter4/Mini-projet_systemTech-RH/app/Models/UtilisateurModel.php(100): CodeIgniter\BaseModel->first()
#7 /opt/lampp/htdocs/S4/SysInf/codeigniter4/Mini-projet_systemTech-RH/app/Controllers/AuthController.php(20): App\Models\UtilisateurModel->getAdminLoginData()
#8 /opt/lampp/htdocs/S4/SysInf/codeigniter4/Mini-projet_systemTech-RH/system/CodeIgniter.php(951): App\Controllers\AuthController->login()
#9 /opt/lampp/htdocs/S4/SysInf/codeigniter4/Mini-projet_systemTech-RH/system/CodeIgniter.php(497): CodeIgniter\CodeIgniter->runController(Object(App\Controllers\AuthController))
#10 /opt/lampp/htdocs/S4/SysInf/codeigniter4/Mini-projet_systemTech-RH/system/CodeIgniter.php(340): CodeIgniter\CodeIgniter->handleRequest(NULL, Object(Config\Cache), false)
#11 /opt/lampp/htdocs/S4/SysInf/codeigniter4/Mini-projet_systemTech-RH/system/Boot.php(417): CodeIgniter\CodeIgniter->run()
#12 /opt/lampp/htdocs/S4/SysInf/codeigniter4/Mini-projet_systemTech-RH/system/Boot.php(68): CodeIgniter\Boot::runCodeIgniter(Object(CodeIgniter\CodeIgniter))
#13 /opt/lampp/htdocs/S4/SysInf/codeigniter4/Mini-projet_systemTech-RH/public/index.php(59): CodeIgniter\Boot::bootWeb(Object(Config\Paths))
#14 /opt/lampp/htdocs/S4/SysInf/codeigniter4/Mini-projet_systemTech-RH/system/rewrite.php(44): require_once('/opt/lampp/htdo...')
#15 {main}

Next CodeIgniter\Database\Exceptions\DatabaseException: Connection refused in /opt/lampp/htdocs/S4/SysInf/codeigniter4/Mini-projet_systemTech-RH/system/Database/MySQLi/Connection.php:231
Stack trace:
#0 /opt/lampp/htdocs/S4/SysInf/codeigniter4/Mini-projet_systemTech-RH/system/Database/BaseConnection.php(555): CodeIgniter\Database\MySQLi\Connection->connect(false)
#1 /opt/lampp/htdocs/S4/SysInf/codeigniter4/Mini-projet_systemTech-RH/system/Database/BaseConnection.php(795): CodeIgniter\Database\BaseConnection->initialize()
#2 /opt/lampp/htdocs/S4/SysInf/codeigniter4/Mini-projet_systemTech-RH/system/Database/BaseBuilder.php(1649): CodeIgniter\Database\BaseConnection->query('SELECT `utilisa...', Array, false)
#3 /opt/lampp/htdocs/S4/SysInf/codeigniter4/Mini-projet_systemTech-RH/system/Model.php(295): CodeIgniter\Database\BaseBuilder->get()
#4 /opt/lampp/htdocs/S4/SysInf/codeigniter4/Mini-projet_systemTech-RH/system/BaseModel.php(714): CodeIgniter\Model->doFirst()
#5 /opt/lampp/htdocs/S4/SysInf/codeigniter4/Mini-projet_systemTech-RH/app/Models/UtilisateurModel.php(100): CodeIgniter\BaseModel->first()
#6 /opt/lampp/htdocs/S4/SysInf/codeigniter4/Mini-projet_systemTech-RH/app/Controllers/AuthController.php(20): App\Models\UtilisateurModel->getAdminLoginData()
#7 /opt/lampp/htdocs/S4/SysInf/codeigniter4/Mini-projet_systemTech-RH/system/CodeIgniter.php(951): App\Controllers\AuthController->login()
#8 /opt/lampp/htdocs/S4/SysInf/codeigniter4/Mini-projet_systemTech-RH/system/CodeIgniter.php(497): CodeIgniter\CodeIgniter->runController(Object(App\Controllers\AuthController))
#9 /opt/lampp/htdocs/S4/SysInf/codeigniter4/Mini-projet_systemTech-RH/system/CodeIgniter.php(340): CodeIgniter\CodeIgniter->handleRequest(NULL, Object(Config\Cache), false)
#10 /opt/lampp/htdocs/S4/SysInf/codeigniter4/Mini-projet_systemTech-RH/system/Boot.php(417): CodeIgniter\CodeIgniter->run()
#11 /opt/lampp/htdocs/S4/SysInf/codeigniter4/Mini-projet_systemTech-RH/system/Boot.php(68): CodeIgniter\Boot::runCodeIgniter(Object(CodeIgniter\CodeIgniter))
#12 /opt/lampp/htdocs/S4/SysInf/codeigniter4/Mini-projet_systemTech-RH/public/index.php(59): CodeIgniter\Boot::bootWeb(Object(Config\Paths))
#13 /opt/lampp/htdocs/S4/SysInf/codeigniter4/Mini-projet_systemTech-RH/system/rewrite.php(44): require_once('/opt/lampp/htdo...')
#14 {main}
WARNING - 2026-05-13 06:28:42 --> [DEPRECATED] Passing lowercase HTTP method "get" is deprecated. Use uppercase HTTP method like "GET". in SYSTEMPATH/Router/RouteCollection.php on line 1026.
 1 SYSTEMPATH/Router/RouteCollection.php(1026): trigger_error('Passing lowercase HTTP method "get" is deprecated. Use uppercase HTTP method like "GET".', 16384)
 2 APPPATH/Config/Routes.php(12): CodeIgniter\Router\RouteCollection->match([...], 'objectifs/choose', 'ObjectifController::choose', [...])
 3 SYSTEMPATH/Router/RouteCollection.php(339): require('/opt/lampp/htdocs/S4/SysInf/codeigniter4/Mini-projet_systemTech-RH/app/Config/Routes.php')
 4 SYSTEMPATH/CodeIgniter.php(818): CodeIgniter\Router\RouteCollection->loadRoutes()
 5 SYSTEMPATH/CodeIgniter.php(441): CodeIgniter\CodeIgniter->tryToRouteIt(null)
 6 SYSTEMPATH/CodeIgniter.php(340): CodeIgniter\CodeIgniter->handleRequest(null, Object(Config\Cache), false)
 7 SYSTEMPATH/Boot.php(417): CodeIgniter\CodeIgniter->run()
 8 SYSTEMPATH/Boot.php(68): CodeIgniter\Boot::runCodeIgniter(Object(CodeIgniter\CodeIgniter))
 9 FCPATH/index.php(59): CodeIgniter\Boot::bootWeb(Object(Config\Paths))
10 SYSTEMPATH/rewrite.php(44): require_once('/opt/lampp/htdocs/S4/SysInf/codeigniter4/Mini-projet_systemTech-RH/public/index.php')
WARNING - 2026-05-13 06:28:42 --> [DEPRECATED] Passing lowercase HTTP method "post" is deprecated. Use uppercase HTTP method like "POST". in SYSTEMPATH/Router/RouteCollection.php on line 1026.
 1 SYSTEMPATH/Router/RouteCollection.php(1026): trigger_error('Passing lowercase HTTP method "post" is deprecated. Use uppercase HTTP method like "POST".', 16384)
 2 APPPATH/Config/Routes.php(12): CodeIgniter\Router\RouteCollection->match([...], 'objectifs/choose', 'ObjectifController::choose', [...])
 3 SYSTEMPATH/Router/RouteCollection.php(339): require('/opt/lampp/htdocs/S4/SysInf/codeigniter4/Mini-projet_systemTech-RH/app/Config/Routes.php')
 4 SYSTEMPATH/CodeIgniter.php(818): CodeIgniter\Router\RouteCollection->loadRoutes()
 5 SYSTEMPATH/CodeIgniter.php(441): CodeIgniter\CodeIgniter->tryToRouteIt(null)
 6 SYSTEMPATH/CodeIgniter.php(340): CodeIgniter\CodeIgniter->handleRequest(null, Object(Config\Cache), false)
 7 SYSTEMPATH/Boot.php(417): CodeIgniter\CodeIgniter->run()
 8 SYSTEMPATH/Boot.php(68): CodeIgniter\Boot::runCodeIgniter(Object(CodeIgniter\CodeIgniter))
 9 FCPATH/index.php(59): CodeIgniter\Boot::bootWeb(Object(Config\Paths))
10 SYSTEMPATH/rewrite.php(44): require_once('/opt/lampp/htdocs/S4/SysInf/codeigniter4/Mini-projet_systemTech-RH/public/index.php')
ERROR - 2026-05-13 06:28:42 --> Error connecting to the database: mysqli_sql_exception: Connection refused in /opt/lampp/htdocs/S4/SysInf/codeigniter4/Mini-projet_systemTech-RH/system/Database/MySQLi/Connection.php:201
Stack trace:
#0 /opt/lampp/htdocs/S4/SysInf/codeigniter4/Mini-projet_systemTech-RH/system/Database/MySQLi/Connection.php(201): mysqli->real_connect('127.0.0.1', 'root', Object(SensitiveParameterValue), 'gestionsante', 3306, '', 0)
#1 /opt/lampp/htdocs/S4/SysInf/codeigniter4/Mini-projet_systemTech-RH/system/Database/BaseConnection.php(555): CodeIgniter\Database\MySQLi\Connection->connect(false)
#2 /opt/lampp/htdocs/S4/SysInf/codeigniter4/Mini-projet_systemTech-RH/system/Database/BaseConnection.php(795): CodeIgniter\Database\BaseConnection->initialize()
#3 /opt/lampp/htdocs/S4/SysInf/codeigniter4/Mini-projet_systemTech-RH/system/Database/BaseBuilder.php(1649): CodeIgniter\Database\BaseConnection->query('SELECT `utilisa...', Array, false)
#4 /opt/lampp/htdocs/S4/SysInf/codeigniter4/Mini-projet_systemTech-RH/system/Model.php(295): CodeIgniter\Database\BaseBuilder->get()
#5 /opt/lampp/htdocs/S4/SysInf/codeigniter4/Mini-projet_systemTech-RH/system/BaseModel.php(714): CodeIgniter\Model->doFirst()
#6 /opt/lampp/htdocs/S4/SysInf/codeigniter4/Mini-projet_systemTech-RH/app/Models/UtilisateurModel.php(100): CodeIgniter\BaseModel->first()
#7 /opt/lampp/htdocs/S4/SysInf/codeigniter4/Mini-projet_systemTech-RH/app/Controllers/AuthController.php(20): App\Models\UtilisateurModel->getAdminLoginData()
#8 /opt/lampp/htdocs/S4/SysInf/codeigniter4/Mini-projet_systemTech-RH/system/CodeIgniter.php(951): App\Controllers\AuthController->login()
#9 /opt/lampp/htdocs/S4/SysInf/codeigniter4/Mini-projet_systemTech-RH/system/CodeIgniter.php(497): CodeIgniter\CodeIgniter->runController(Object(App\Controllers\AuthController))
#10 /opt/lampp/htdocs/S4/SysInf/codeigniter4/Mini-projet_systemTech-RH/system/CodeIgniter.php(340): CodeIgniter\CodeIgniter->handleRequest(NULL, Object(Config\Cache), false)
#11 /opt/lampp/htdocs/S4/SysInf/codeigniter4/Mini-projet_systemTech-RH/system/Boot.php(417): CodeIgniter\CodeIgniter->run()
#12 /opt/lampp/htdocs/S4/SysInf/codeigniter4/Mini-projet_systemTech-RH/system/Boot.php(68): CodeIgniter\Boot::runCodeIgniter(Object(CodeIgniter\CodeIgniter))
#13 /opt/lampp/htdocs/S4/SysInf/codeigniter4/Mini-projet_systemTech-RH/public/index.php(59): CodeIgniter\Boot::bootWeb(Object(Config\Paths))
#14 /opt/lampp/htdocs/S4/SysInf/codeigniter4/Mini-projet_systemTech-RH/system/rewrite.php(44): require_once('/opt/lampp/htdo...')
#15 {main}

Next CodeIgniter\Database\Exceptions\DatabaseException: Connection refused in /opt/lampp/htdocs/S4/SysInf/codeigniter4/Mini-projet_systemTech-RH/system/Database/MySQLi/Connection.php:231
Stack trace:
#0 /opt/lampp/htdocs/S4/SysInf/codeigniter4/Mini-projet_systemTech-RH/system/Database/BaseConnection.php(555): CodeIgniter\Database\MySQLi\Connection->connect(false)
#1 /opt/lampp/htdocs/S4/SysInf/codeigniter4/Mini-projet_systemTech-RH/system/Database/BaseConnection.php(795): CodeIgniter\Database\BaseConnection->initialize()
#2 /opt/lampp/htdocs/S4/SysInf/codeigniter4/Mini-projet_systemTech-RH/system/Database/BaseBuilder.php(1649): CodeIgniter\Database\BaseConnection->query('SELECT `utilisa...', Array, false)
#3 /opt/lampp/htdocs/S4/SysInf/codeigniter4/Mini-projet_systemTech-RH/system/Model.php(295): CodeIgniter\Database\BaseBuilder->get()
#4 /opt/lampp/htdocs/S4/SysInf/codeigniter4/Mini-projet_systemTech-RH/system/BaseModel.php(714): CodeIgniter\Model->doFirst()
#5 /opt/lampp/htdocs/S4/SysInf/codeigniter4/Mini-projet_systemTech-RH/app/Models/UtilisateurModel.php(100): CodeIgniter\BaseModel->first()
#6 /opt/lampp/htdocs/S4/SysInf/codeigniter4/Mini-projet_systemTech-RH/app/Controllers/AuthController.php(20): App\Models\UtilisateurModel->getAdminLoginData()
#7 /opt/lampp/htdocs/S4/SysInf/codeigniter4/Mini-projet_systemTech-RH/system/CodeIgniter.php(951): App\Controllers\AuthController->login()
#8 /opt/lampp/htdocs/S4/SysInf/codeigniter4/Mini-projet_systemTech-RH/system/CodeIgniter.php(497): CodeIgniter\CodeIgniter->runController(Object(App\Controllers\AuthController))
#9 /opt/lampp/htdocs/S4/SysInf/codeigniter4/Mini-projet_systemTech-RH/system/CodeIgniter.php(340): CodeIgniter\CodeIgniter->handleRequest(NULL, Object(Config\Cache), false)
#10 /opt/lampp/htdocs/S4/SysInf/codeigniter4/Mini-projet_systemTech-RH/system/Boot.php(417): CodeIgniter\CodeIgniter->run()
#11 /opt/lampp/htdocs/S4/SysInf/codeigniter4/Mini-projet_systemTech-RH/system/Boot.php(68): CodeIgniter\Boot::runCodeIgniter(Object(CodeIgniter\CodeIgniter))
#12 /opt/lampp/htdocs/S4/SysInf/codeigniter4/Mini-projet_systemTech-RH/public/index.php(59): CodeIgniter\Boot::bootWeb(Object(Config\Paths))
#13 /opt/lampp/htdocs/S4/SysInf/codeigniter4/Mini-projet_systemTech-RH/system/rewrite.php(44): require_once('/opt/lampp/htdo...')
#14 {main}
WARNING - 2026-05-13 06:28:43 --> [DEPRECATED] Passing lowercase HTTP method "get" is deprecated. Use uppercase HTTP method like "GET". in SYSTEMPATH/Router/RouteCollection.php on line 1026.
 1 SYSTEMPATH/Router/RouteCollection.php(1026): trigger_error('Passing lowercase HTTP method "get" is deprecated. Use uppercase HTTP method like "GET".', 16384)
 2 APPPATH/Config/Routes.php(12): CodeIgniter\Router\RouteCollection->match([...], 'objectifs/choose', 'ObjectifController::choose', [...])
 3 SYSTEMPATH/Router/RouteCollection.php(339): require('/opt/lampp/htdocs/S4/SysInf/codeigniter4/Mini-projet_systemTech-RH/app/Config/Routes.php')
 4 SYSTEMPATH/CodeIgniter.php(818): CodeIgniter\Router\RouteCollection->loadRoutes()
 5 SYSTEMPATH/CodeIgniter.php(441): CodeIgniter\CodeIgniter->tryToRouteIt(null)
 6 SYSTEMPATH/CodeIgniter.php(340): CodeIgniter\CodeIgniter->handleRequest(null, Object(Config\Cache), false)
 7 SYSTEMPATH/Boot.php(417): CodeIgniter\CodeIgniter->run()
 8 SYSTEMPATH/Boot.php(68): CodeIgniter\Boot::runCodeIgniter(Object(CodeIgniter\CodeIgniter))
 9 FCPATH/index.php(59): CodeIgniter\Boot::bootWeb(Object(Config\Paths))
10 SYSTEMPATH/rewrite.php(44): require_once('/opt/lampp/htdocs/S4/SysInf/codeigniter4/Mini-projet_systemTech-RH/public/index.php')
WARNING - 2026-05-13 06:28:43 --> [DEPRECATED] Passing lowercase HTTP method "post" is deprecated. Use uppercase HTTP method like "POST". in SYSTEMPATH/Router/RouteCollection.php on line 1026.
 1 SYSTEMPATH/Router/RouteCollection.php(1026): trigger_error('Passing lowercase HTTP method "post" is deprecated. Use uppercase HTTP method like "POST".', 16384)
 2 APPPATH/Config/Routes.php(12): CodeIgniter\Router\RouteCollection->match([...], 'objectifs/choose', 'ObjectifController::choose', [...])
 3 SYSTEMPATH/Router/RouteCollection.php(339): require('/opt/lampp/htdocs/S4/SysInf/codeigniter4/Mini-projet_systemTech-RH/app/Config/Routes.php')
 4 SYSTEMPATH/CodeIgniter.php(818): CodeIgniter\Router\RouteCollection->loadRoutes()
 5 SYSTEMPATH/CodeIgniter.php(441): CodeIgniter\CodeIgniter->tryToRouteIt(null)
 6 SYSTEMPATH/CodeIgniter.php(340): CodeIgniter\CodeIgniter->handleRequest(null, Object(Config\Cache), false)
 7 SYSTEMPATH/Boot.php(417): CodeIgniter\CodeIgniter->run()
 8 SYSTEMPATH/Boot.php(68): CodeIgniter\Boot::runCodeIgniter(Object(CodeIgniter\CodeIgniter))
 9 FCPATH/index.php(59): CodeIgniter\Boot::bootWeb(Object(Config\Paths))
10 SYSTEMPATH/rewrite.php(44): require_once('/opt/lampp/htdocs/S4/SysInf/codeigniter4/Mini-projet_systemTech-RH/public/index.php')
ERROR - 2026-05-13 06:28:43 --> Error connecting to the database: mysqli_sql_exception: Connection refused in /opt/lampp/htdocs/S4/SysInf/codeigniter4/Mini-projet_systemTech-RH/system/Database/MySQLi/Connection.php:201
Stack trace:
#0 /opt/lampp/htdocs/S4/SysInf/codeigniter4/Mini-projet_systemTech-RH/system/Database/MySQLi/Connection.php(201): mysqli->real_connect('127.0.0.1', 'root', Object(SensitiveParameterValue), 'gestionsante', 3306, '', 0)
#1 /opt/lampp/htdocs/S4/SysInf/codeigniter4/Mini-projet_systemTech-RH/system/Database/BaseConnection.php(555): CodeIgniter\Database\MySQLi\Connection->connect(false)
#2 /opt/lampp/htdocs/S4/SysInf/codeigniter4/Mini-projet_systemTech-RH/system/Database/BaseConnection.php(795): CodeIgniter\Database\BaseConnection->initialize()
#3 /opt/lampp/htdocs/S4/SysInf/codeigniter4/Mini-projet_systemTech-RH/system/Database/BaseBuilder.php(1649): CodeIgniter\Database\BaseConnection->query('SELECT `utilisa...', Array, false)
#4 /opt/lampp/htdocs/S4/SysInf/codeigniter4/Mini-projet_systemTech-RH/system/Model.php(295): CodeIgniter\Database\BaseBuilder->get()
#5 /opt/lampp/htdocs/S4/SysInf/codeigniter4/Mini-projet_systemTech-RH/system/BaseModel.php(714): CodeIgniter\Model->doFirst()
#6 /opt/lampp/htdocs/S4/SysInf/codeigniter4/Mini-projet_systemTech-RH/app/Models/UtilisateurModel.php(49): CodeIgniter\BaseModel->first()
#7 /opt/lampp/htdocs/S4/SysInf/codeigniter4/Mini-projet_systemTech-RH/app/Models/UtilisateurModel.php(54): App\Models\UtilisateurModel->findByEmailWithRole('admin@app.com')
#8 /opt/lampp/htdocs/S4/SysInf/codeigniter4/Mini-projet_systemTech-RH/app/Controllers/AuthController.php(56): App\Models\UtilisateurModel->verifyLogin('admin@app.com', 'admin1234')
#9 /opt/lampp/htdocs/S4/SysInf/codeigniter4/Mini-projet_systemTech-RH/system/CodeIgniter.php(951): App\Controllers\AuthController->login()
#10 /opt/lampp/htdocs/S4/SysInf/codeigniter4/Mini-projet_systemTech-RH/system/CodeIgniter.php(497): CodeIgniter\CodeIgniter->runController(Object(App\Controllers\AuthController))
#11 /opt/lampp/htdocs/S4/SysInf/codeigniter4/Mini-projet_systemTech-RH/system/CodeIgniter.php(340): CodeIgniter\CodeIgniter->handleRequest(NULL, Object(Config\Cache), false)
#12 /opt/lampp/htdocs/S4/SysInf/codeigniter4/Mini-projet_systemTech-RH/system/Boot.php(417): CodeIgniter\CodeIgniter->run()
#13 /opt/lampp/htdocs/S4/SysInf/codeigniter4/Mini-projet_systemTech-RH/system/Boot.php(68): CodeIgniter\Boot::runCodeIgniter(Object(CodeIgniter\CodeIgniter))
#14 /opt/lampp/htdocs/S4/SysInf/codeigniter4/Mini-projet_systemTech-RH/public/index.php(59): CodeIgniter\Boot::bootWeb(Object(Config\Paths))
#15 /opt/lampp/htdocs/S4/SysInf/codeigniter4/Mini-projet_systemTech-RH/system/rewrite.php(44): require_once('/opt/lampp/htdo...')
#16 {main}

Next CodeIgniter\Database\Exceptions\DatabaseException: Connection refused in /opt/lampp/htdocs/S4/SysInf/codeigniter4/Mini-projet_systemTech-RH/system/Database/MySQLi/Connection.php:231
Stack trace:
#0 /opt/lampp/htdocs/S4/SysInf/codeigniter4/Mini-projet_systemTech-RH/system/Database/BaseConnection.php(555): CodeIgniter\Database\MySQLi\Connection->connect(false)
#1 /opt/lampp/htdocs/S4/SysInf/codeigniter4/Mini-projet_systemTech-RH/system/Database/BaseConnection.php(795): CodeIgniter\Database\BaseConnection->initialize()
#2 /opt/lampp/htdocs/S4/SysInf/codeigniter4/Mini-projet_systemTech-RH/system/Database/BaseBuilder.php(1649): CodeIgniter\Database\BaseConnection->query('SELECT `utilisa...', Array, false)
#3 /opt/lampp/htdocs/S4/SysInf/codeigniter4/Mini-projet_systemTech-RH/system/Model.php(295): CodeIgniter\Database\BaseBuilder->get()
#4 /opt/lampp/htdocs/S4/SysInf/codeigniter4/Mini-projet_systemTech-RH/system/BaseModel.php(714): CodeIgniter\Model->doFirst()
#5 /opt/lampp/htdocs/S4/SysInf/codeigniter4/Mini-projet_systemTech-RH/app/Models/UtilisateurModel.php(49): CodeIgniter\BaseModel->first()
#6 /opt/lampp/htdocs/S4/SysInf/codeigniter4/Mini-projet_systemTech-RH/app/Models/UtilisateurModel.php(54): App\Models\UtilisateurModel->findByEmailWithRole('admin@app.com')
#7 /opt/lampp/htdocs/S4/SysInf/codeigniter4/Mini-projet_systemTech-RH/app/Controllers/AuthController.php(56): App\Models\UtilisateurModel->verifyLogin('admin@app.com', 'admin1234')
#8 /opt/lampp/htdocs/S4/SysInf/codeigniter4/Mini-projet_systemTech-RH/system/CodeIgniter.php(951): App\Controllers\AuthController->login()
#9 /opt/lampp/htdocs/S4/SysInf/codeigniter4/Mini-projet_systemTech-RH/system/CodeIgniter.php(497): CodeIgniter\CodeIgniter->runController(Object(App\Controllers\AuthController))
#10 /opt/lampp/htdocs/S4/SysInf/codeigniter4/Mini-projet_systemTech-RH/system/CodeIgniter.php(340): CodeIgniter\CodeIgniter->handleRequest(NULL, Object(Config\Cache), false)
#11 /opt/lampp/htdocs/S4/SysInf/codeigniter4/Mini-projet_systemTech-RH/system/Boot.php(417): CodeIgniter\CodeIgniter->run()
#12 /opt/lampp/htdocs/S4/SysInf/codeigniter4/Mini-projet_systemTech-RH/system/Boot.php(68): CodeIgniter\Boot::runCodeIgniter(Object(CodeIgniter\CodeIgniter))
#13 /opt/lampp/htdocs/S4/SysInf/codeigniter4/Mini-projet_systemTech-RH/public/index.php(59): CodeIgniter\Boot::bootWeb(Object(Config\Paths))
#14 /opt/lampp/htdocs/S4/SysInf/codeigniter4/Mini-projet_systemTech-RH/system/rewrite.php(44): require_once('/opt/lampp/htdo...')
#15 {main}
WARNING - 2026-05-13 06:28:44 --> [DEPRECATED] Passing lowercase HTTP method "get" is deprecated. Use uppercase HTTP method like "GET". in SYSTEMPATH/Router/RouteCollection.php on line 1026.
 1 SYSTEMPATH/Router/RouteCollection.php(1026): trigger_error('Passing lowercase HTTP method "get" is deprecated. Use uppercase HTTP method like "GET".', 16384)
 2 APPPATH/Config/Routes.php(12): CodeIgniter\Router\RouteCollection->match([...], 'objectifs/choose', 'ObjectifController::choose', [...])
 3 SYSTEMPATH/Router/RouteCollection.php(339): require('/opt/lampp/htdocs/S4/SysInf/codeigniter4/Mini-projet_systemTech-RH/app/Config/Routes.php')
 4 SYSTEMPATH/CodeIgniter.php(818): CodeIgniter\Router\RouteCollection->loadRoutes()
 5 SYSTEMPATH/CodeIgniter.php(441): CodeIgniter\CodeIgniter->tryToRouteIt(null)
 6 SYSTEMPATH/CodeIgniter.php(340): CodeIgniter\CodeIgniter->handleRequest(null, Object(Config\Cache), false)
 7 SYSTEMPATH/Boot.php(417): CodeIgniter\CodeIgniter->run()
 8 SYSTEMPATH/Boot.php(68): CodeIgniter\Boot::runCodeIgniter(Object(CodeIgniter\CodeIgniter))
 9 FCPATH/index.php(59): CodeIgniter\Boot::bootWeb(Object(Config\Paths))
10 SYSTEMPATH/rewrite.php(44): require_once('/opt/lampp/htdocs/S4/SysInf/codeigniter4/Mini-projet_systemTech-RH/public/index.php')
WARNING - 2026-05-13 06:28:44 --> [DEPRECATED] Passing lowercase HTTP method "post" is deprecated. Use uppercase HTTP method like "POST". in SYSTEMPATH/Router/RouteCollection.php on line 1026.
 1 SYSTEMPATH/Router/RouteCollection.php(1026): trigger_error('Passing lowercase HTTP method "post" is deprecated. Use uppercase HTTP method like "POST".', 16384)
 2 APPPATH/Config/Routes.php(12): CodeIgniter\Router\RouteCollection->match([...], 'objectifs/choose', 'ObjectifController::choose', [...])
 3 SYSTEMPATH/Router/RouteCollection.php(339): require('/opt/lampp/htdocs/S4/SysInf/codeigniter4/Mini-projet_systemTech-RH/app/Config/Routes.php')
 4 SYSTEMPATH/CodeIgniter.php(818): CodeIgniter\Router\RouteCollection->loadRoutes()
 5 SYSTEMPATH/CodeIgniter.php(441): CodeIgniter\CodeIgniter->tryToRouteIt(null)
 6 SYSTEMPATH/CodeIgniter.php(340): CodeIgniter\CodeIgniter->handleRequest(null, Object(Config\Cache), false)
 7 SYSTEMPATH/Boot.php(417): CodeIgniter\CodeIgniter->run()
 8 SYSTEMPATH/Boot.php(68): CodeIgniter\Boot::runCodeIgniter(Object(CodeIgniter\CodeIgniter))
 9 FCPATH/index.php(59): CodeIgniter\Boot::bootWeb(Object(Config\Paths))
10 SYSTEMPATH/rewrite.php(44): require_once('/opt/lampp/htdocs/S4/SysInf/codeigniter4/Mini-projet_systemTech-RH/public/index.php')
ERROR - 2026-05-13 06:28:44 --> Error connecting to the database: mysqli_sql_exception: Connection refused in /opt/lampp/htdocs/S4/SysInf/codeigniter4/Mini-projet_systemTech-RH/system/Database/MySQLi/Connection.php:201
Stack trace:
#0 /opt/lampp/htdocs/S4/SysInf/codeigniter4/Mini-projet_systemTech-RH/system/Database/MySQLi/Connection.php(201): mysqli->real_connect('127.0.0.1', 'root', Object(SensitiveParameterValue), 'gestionsante', 3306, '', 0)
#1 /opt/lampp/htdocs/S4/SysInf/codeigniter4/Mini-projet_systemTech-RH/system/Database/BaseConnection.php(555): CodeIgniter\Database\MySQLi\Connection->connect(false)
#2 /opt/lampp/htdocs/S4/SysInf/codeigniter4/Mini-projet_systemTech-RH/system/Database/BaseConnection.php(795): CodeIgniter\Database\BaseConnection->initialize()
#3 /opt/lampp/htdocs/S4/SysInf/codeigniter4/Mini-projet_systemTech-RH/system/Database/BaseBuilder.php(1649): CodeIgniter\Database\BaseConnection->query('SELECT `utilisa...', Array, false)
#4 /opt/lampp/htdocs/S4/SysInf/codeigniter4/Mini-projet_systemTech-RH/system/Model.php(295): CodeIgniter\Database\BaseBuilder->get()
#5 /opt/lampp/htdocs/S4/SysInf/codeigniter4/Mini-projet_systemTech-RH/system/BaseModel.php(714): CodeIgniter\Model->doFirst()
#6 /opt/lampp/htdocs/S4/SysInf/codeigniter4/Mini-projet_systemTech-RH/app/Models/UtilisateurModel.php(49): CodeIgniter\BaseModel->first()
#7 /opt/lampp/htdocs/S4/SysInf/codeigniter4/Mini-projet_systemTech-RH/app/Models/UtilisateurModel.php(54): App\Models\UtilisateurModel->findByEmailWithRole('admin@app.com')
#8 /opt/lampp/htdocs/S4/SysInf/codeigniter4/Mini-projet_systemTech-RH/app/Controllers/AuthController.php(56): App\Models\UtilisateurModel->verifyLogin('admin@app.com', 'admin1234')
#9 /opt/lampp/htdocs/S4/SysInf/codeigniter4/Mini-projet_systemTech-RH/system/CodeIgniter.php(951): App\Controllers\AuthController->login()
#10 /opt/lampp/htdocs/S4/SysInf/codeigniter4/Mini-projet_systemTech-RH/system/CodeIgniter.php(497): CodeIgniter\CodeIgniter->runController(Object(App\Controllers\AuthController))
#11 /opt/lampp/htdocs/S4/SysInf/codeigniter4/Mini-projet_systemTech-RH/system/CodeIgniter.php(340): CodeIgniter\CodeIgniter->handleRequest(NULL, Object(Config\Cache), false)
#12 /opt/lampp/htdocs/S4/SysInf/codeigniter4/Mini-projet_systemTech-RH/system/Boot.php(417): CodeIgniter\CodeIgniter->run()
#13 /opt/lampp/htdocs/S4/SysInf/codeigniter4/Mini-projet_systemTech-RH/system/Boot.php(68): CodeIgniter\Boot::runCodeIgniter(Object(CodeIgniter\CodeIgniter))
#14 /opt/lampp/htdocs/S4/SysInf/codeigniter4/Mini-projet_systemTech-RH/public/index.php(59): CodeIgniter\Boot::bootWeb(Object(Config\Paths))
#15 /opt/lampp/htdocs/S4/SysInf/codeigniter4/Mini-projet_systemTech-RH/system/rewrite.php(44): require_once('/opt/lampp/htdo...')
#16 {main}

Next CodeIgniter\Database\Exceptions\DatabaseException: Connection refused in /opt/lampp/htdocs/S4/SysInf/codeigniter4/Mini-projet_systemTech-RH/system/Database/MySQLi/Connection.php:231
Stack trace:
#0 /opt/lampp/htdocs/S4/SysInf/codeigniter4/Mini-projet_systemTech-RH/system/Database/BaseConnection.php(555): CodeIgniter\Database\MySQLi\Connection->connect(false)
#1 /opt/lampp/htdocs/S4/SysInf/codeigniter4/Mini-projet_systemTech-RH/system/Database/BaseConnection.php(795): CodeIgniter\Database\BaseConnection->initialize()
#2 /opt/lampp/htdocs/S4/SysInf/codeigniter4/Mini-projet_systemTech-RH/system/Database/BaseBuilder.php(1649): CodeIgniter\Database\BaseConnection->query('SELECT `utilisa...', Array, false)
#3 /opt/lampp/htdocs/S4/SysInf/codeigniter4/Mini-projet_systemTech-RH/system/Model.php(295): CodeIgniter\Database\BaseBuilder->get()
#4 /opt/lampp/htdocs/S4/SysInf/codeigniter4/Mini-projet_systemTech-RH/system/BaseModel.php(714): CodeIgniter\Model->doFirst()
#5 /opt/lampp/htdocs/S4/SysInf/codeigniter4/Mini-projet_systemTech-RH/app/Models/UtilisateurModel.php(49): CodeIgniter\BaseModel->first()
#6 /opt/lampp/htdocs/S4/SysInf/codeigniter4/Mini-projet_systemTech-RH/app/Models/UtilisateurModel.php(54): App\Models\UtilisateurModel->findByEmailWithRole('admin@app.com')
#7 /opt/lampp/htdocs/S4/SysInf/codeigniter4/Mini-projet_systemTech-RH/app/Controllers/AuthController.php(56): App\Models\UtilisateurModel->verifyLogin('admin@app.com', 'admin1234')
#8 /opt/lampp/htdocs/S4/SysInf/codeigniter4/Mini-projet_systemTech-RH/system/CodeIgniter.php(951): App\Controllers\AuthController->login()
#9 /opt/lampp/htdocs/S4/SysInf/codeigniter4/Mini-projet_systemTech-RH/system/CodeIgniter.php(497): CodeIgniter\CodeIgniter->runController(Object(App\Controllers\AuthController))
#10 /opt/lampp/htdocs/S4/SysInf/codeigniter4/Mini-projet_systemTech-RH/system/CodeIgniter.php(340): CodeIgniter\CodeIgniter->handleRequest(NULL, Object(Config\Cache), false)
#11 /opt/lampp/htdocs/S4/SysInf/codeigniter4/Mini-projet_systemTech-RH/system/Boot.php(417): CodeIgniter\CodeIgniter->run()
#12 /opt/lampp/htdocs/S4/SysInf/codeigniter4/Mini-projet_systemTech-RH/system/Boot.php(68): CodeIgniter\Boot::runCodeIgniter(Object(CodeIgniter\CodeIgniter))
#13 /opt/lampp/htdocs/S4/SysInf/codeigniter4/Mini-projet_systemTech-RH/public/index.php(59): CodeIgniter\Boot::bootWeb(Object(Config\Paths))
#14 /opt/lampp/htdocs/S4/SysInf/codeigniter4/Mini-projet_systemTech-RH/system/rewrite.php(44): require_once('/opt/lampp/htdo...')
#15 {main}
WARNING - 2026-05-13 06:57:29 --> [DEPRECATED] Passing lowercase HTTP method "get" is deprecated. Use uppercase HTTP method like "GET". in SYSTEMPATH/Router/RouteCollection.php on line 1026.
 1 SYSTEMPATH/Router/RouteCollection.php(1026): trigger_error('Passing lowercase HTTP method "get" is deprecated. Use uppercase HTTP method like "GET".', 16384)
 2 APPPATH/Config/Routes.php(12): CodeIgniter\Router\RouteCollection->match([...], 'objectifs/choose', 'ObjectifController::choose', [...])
 3 SYSTEMPATH/Router/RouteCollection.php(339): require('/opt/lampp/htdocs/S4/SysInf/codeigniter4/Mini-projet_systemTech-RH/app/Config/Routes.php')
 4 SYSTEMPATH/CLI/Console.php(41): CodeIgniter\Router\RouteCollection->loadRoutes()
 5 SYSTEMPATH/Boot.php(442): CodeIgniter\CLI\Console->run()
 6 SYSTEMPATH/Boot.php(166): CodeIgniter\Boot::runCommand(Object(CodeIgniter\CLI\Console))
 7 ROOTPATH/spark(87): CodeIgniter\Boot::bootSpark(Object(Config\Paths))
WARNING - 2026-05-13 06:57:29 --> [DEPRECATED] Passing lowercase HTTP method "post" is deprecated. Use uppercase HTTP method like "POST". in SYSTEMPATH/Router/RouteCollection.php on line 1026.
 1 SYSTEMPATH/Router/RouteCollection.php(1026): trigger_error('Passing lowercase HTTP method "post" is deprecated. Use uppercase HTTP method like "POST".', 16384)
 2 APPPATH/Config/Routes.php(12): CodeIgniter\Router\RouteCollection->match([...], 'objectifs/choose', 'ObjectifController::choose', [...])
 3 SYSTEMPATH/Router/RouteCollection.php(339): require('/opt/lampp/htdocs/S4/SysInf/codeigniter4/Mini-projet_systemTech-RH/app/Config/Routes.php')
 4 SYSTEMPATH/CLI/Console.php(41): CodeIgniter\Router\RouteCollection->loadRoutes()
 5 SYSTEMPATH/Boot.php(442): CodeIgniter\CLI\Console->run()
 6 SYSTEMPATH/Boot.php(166): CodeIgniter\Boot::runCommand(Object(CodeIgniter\CLI\Console))
 7 ROOTPATH/spark(87): CodeIgniter\Boot::bootSpark(Object(Config\Paths))
WARNING - 2026-05-13 06:57:38 --> [DEPRECATED] Passing lowercase HTTP method "get" is deprecated. Use uppercase HTTP method like "GET". in SYSTEMPATH/Router/RouteCollection.php on line 1026.
 1 SYSTEMPATH/Router/RouteCollection.php(1026): trigger_error('Passing lowercase HTTP method "get" is deprecated. Use uppercase HTTP method like "GET".', 16384)
 2 APPPATH/Config/Routes.php(12): CodeIgniter\Router\RouteCollection->match([...], 'objectifs/choose', 'ObjectifController::choose', [...])
 3 SYSTEMPATH/Router/RouteCollection.php(339): require('/opt/lampp/htdocs/S4/SysInf/codeigniter4/Mini-projet_systemTech-RH/app/Config/Routes.php')
 4 SYSTEMPATH/CodeIgniter.php(818): CodeIgniter\Router\RouteCollection->loadRoutes()
 5 SYSTEMPATH/CodeIgniter.php(441): CodeIgniter\CodeIgniter->tryToRouteIt(null)
 6 SYSTEMPATH/CodeIgniter.php(340): CodeIgniter\CodeIgniter->handleRequest(null, Object(Config\Cache), false)
 7 SYSTEMPATH/Boot.php(417): CodeIgniter\CodeIgniter->run()
 8 SYSTEMPATH/Boot.php(68): CodeIgniter\Boot::runCodeIgniter(Object(CodeIgniter\CodeIgniter))
 9 FCPATH/index.php(59): CodeIgniter\Boot::bootWeb(Object(Config\Paths))
10 SYSTEMPATH/rewrite.php(44): require_once('/opt/lampp/htdocs/S4/SysInf/codeigniter4/Mini-projet_systemTech-RH/public/index.php')
WARNING - 2026-05-13 06:57:38 --> [DEPRECATED] Passing lowercase HTTP method "post" is deprecated. Use uppercase HTTP method like "POST". in SYSTEMPATH/Router/RouteCollection.php on line 1026.
 1 SYSTEMPATH/Router/RouteCollection.php(1026): trigger_error('Passing lowercase HTTP method "post" is deprecated. Use uppercase HTTP method like "POST".', 16384)
 2 APPPATH/Config/Routes.php(12): CodeIgniter\Router\RouteCollection->match([...], 'objectifs/choose', 'ObjectifController::choose', [...])
 3 SYSTEMPATH/Router/RouteCollection.php(339): require('/opt/lampp/htdocs/S4/SysInf/codeigniter4/Mini-projet_systemTech-RH/app/Config/Routes.php')
 4 SYSTEMPATH/CodeIgniter.php(818): CodeIgniter\Router\RouteCollection->loadRoutes()
 5 SYSTEMPATH/CodeIgniter.php(441): CodeIgniter\CodeIgniter->tryToRouteIt(null)
 6 SYSTEMPATH/CodeIgniter.php(340): CodeIgniter\CodeIgniter->handleRequest(null, Object(Config\Cache), false)
 7 SYSTEMPATH/Boot.php(417): CodeIgniter\CodeIgniter->run()
 8 SYSTEMPATH/Boot.php(68): CodeIgniter\Boot::runCodeIgniter(Object(CodeIgniter\CodeIgniter))
 9 FCPATH/index.php(59): CodeIgniter\Boot::bootWeb(Object(Config\Paths))
10 SYSTEMPATH/rewrite.php(44): require_once('/opt/lampp/htdocs/S4/SysInf/codeigniter4/Mini-projet_systemTech-RH/public/index.php')
DEBUG - 2026-05-13 06:57:38 --> Session: Class initialized using 'CodeIgniter\Session\Handlers\FileHandler' driver.
WARNING - 2026-05-13 06:57:38 --> [DEPRECATED] Passing lowercase HTTP method "get" is deprecated. Use uppercase HTTP method like "GET". in SYSTEMPATH/Router/RouteCollection.php on line 1026.
 1 SYSTEMPATH/Router/RouteCollection.php(1026): trigger_error('Passing lowercase HTTP method "get" is deprecated. Use uppercase HTTP method like "GET".', 16384)
 2 APPPATH/Config/Routes.php(12): CodeIgniter\Router\RouteCollection->match([...], 'objectifs/choose', 'ObjectifController::choose', [...])
 3 SYSTEMPATH/Router/RouteCollection.php(339): require('/opt/lampp/htdocs/S4/SysInf/codeigniter4/Mini-projet_systemTech-RH/app/Config/Routes.php')
 4 SYSTEMPATH/CodeIgniter.php(818): CodeIgniter\Router\RouteCollection->loadRoutes()
 5 SYSTEMPATH/CodeIgniter.php(441): CodeIgniter\CodeIgniter->tryToRouteIt(null)
 6 SYSTEMPATH/CodeIgniter.php(340): CodeIgniter\CodeIgniter->handleRequest(null, Object(Config\Cache), false)
 7 SYSTEMPATH/Boot.php(417): CodeIgniter\CodeIgniter->run()
 8 SYSTEMPATH/Boot.php(68): CodeIgniter\Boot::runCodeIgniter(Object(CodeIgniter\CodeIgniter))
 9 FCPATH/index.php(59): CodeIgniter\Boot::bootWeb(Object(Config\Paths))
10 SYSTEMPATH/rewrite.php(44): require_once('/opt/lampp/htdocs/S4/SysInf/codeigniter4/Mini-projet_systemTech-RH/public/index.php')
WARNING - 2026-05-13 06:57:38 --> [DEPRECATED] Passing lowercase HTTP method "post" is deprecated. Use uppercase HTTP method like "POST". in SYSTEMPATH/Router/RouteCollection.php on line 1026.
 1 SYSTEMPATH/Router/RouteCollection.php(1026): trigger_error('Passing lowercase HTTP method "post" is deprecated. Use uppercase HTTP method like "POST".', 16384)
 2 APPPATH/Config/Routes.php(12): CodeIgniter\Router\RouteCollection->match([...], 'objectifs/choose', 'ObjectifController::choose', [...])
 3 SYSTEMPATH/Router/RouteCollection.php(339): require('/opt/lampp/htdocs/S4/SysInf/codeigniter4/Mini-projet_systemTech-RH/app/Config/Routes.php')
 4 SYSTEMPATH/CodeIgniter.php(818): CodeIgniter\Router\RouteCollection->loadRoutes()
 5 SYSTEMPATH/CodeIgniter.php(441): CodeIgniter\CodeIgniter->tryToRouteIt(null)
 6 SYSTEMPATH/CodeIgniter.php(340): CodeIgniter\CodeIgniter->handleRequest(null, Object(Config\Cache), false)
 7 SYSTEMPATH/Boot.php(417): CodeIgniter\CodeIgniter->run()
 8 SYSTEMPATH/Boot.php(68): CodeIgniter\Boot::runCodeIgniter(Object(CodeIgniter\CodeIgniter))
 9 FCPATH/index.php(59): CodeIgniter\Boot::bootWeb(Object(Config\Paths))
10 SYSTEMPATH/rewrite.php(44): require_once('/opt/lampp/htdocs/S4/SysInf/codeigniter4/Mini-projet_systemTech-RH/public/index.php')
ERROR - 2026-05-13 06:57:38 --> Error connecting to the database: mysqli_sql_exception: Connection refused in /opt/lampp/htdocs/S4/SysInf/codeigniter4/Mini-projet_systemTech-RH/system/Database/MySQLi/Connection.php:201
Stack trace:
#0 /opt/lampp/htdocs/S4/SysInf/codeigniter4/Mini-projet_systemTech-RH/system/Database/MySQLi/Connection.php(201): mysqli->real_connect('127.0.0.1', 'root', Object(SensitiveParameterValue), 'gestionsante', 3306, '', 0)
#1 /opt/lampp/htdocs/S4/SysInf/codeigniter4/Mini-projet_systemTech-RH/system/Database/BaseConnection.php(555): CodeIgniter\Database\MySQLi\Connection->connect(false)
#2 /opt/lampp/htdocs/S4/SysInf/codeigniter4/Mini-projet_systemTech-RH/system/Database/BaseConnection.php(795): CodeIgniter\Database\BaseConnection->initialize()
#3 /opt/lampp/htdocs/S4/SysInf/codeigniter4/Mini-projet_systemTech-RH/system/Database/BaseBuilder.php(1649): CodeIgniter\Database\BaseConnection->query('SELECT `utilisa...', Array, false)
#4 /opt/lampp/htdocs/S4/SysInf/codeigniter4/Mini-projet_systemTech-RH/system/Model.php(295): CodeIgniter\Database\BaseBuilder->get()
#5 /opt/lampp/htdocs/S4/SysInf/codeigniter4/Mini-projet_systemTech-RH/system/BaseModel.php(714): CodeIgniter\Model->doFirst()
#6 /opt/lampp/htdocs/S4/SysInf/codeigniter4/Mini-projet_systemTech-RH/app/Models/UtilisateurModel.php(100): CodeIgniter\BaseModel->first()
#7 /opt/lampp/htdocs/S4/SysInf/codeigniter4/Mini-projet_systemTech-RH/app/Controllers/AuthController.php(20): App\Models\UtilisateurModel->getAdminLoginData()
#8 /opt/lampp/htdocs/S4/SysInf/codeigniter4/Mini-projet_systemTech-RH/system/CodeIgniter.php(951): App\Controllers\AuthController->login()
#9 /opt/lampp/htdocs/S4/SysInf/codeigniter4/Mini-projet_systemTech-RH/system/CodeIgniter.php(497): CodeIgniter\CodeIgniter->runController(Object(App\Controllers\AuthController))
#10 /opt/lampp/htdocs/S4/SysInf/codeigniter4/Mini-projet_systemTech-RH/system/CodeIgniter.php(340): CodeIgniter\CodeIgniter->handleRequest(NULL, Object(Config\Cache), false)
#11 /opt/lampp/htdocs/S4/SysInf/codeigniter4/Mini-projet_systemTech-RH/system/Boot.php(417): CodeIgniter\CodeIgniter->run()
#12 /opt/lampp/htdocs/S4/SysInf/codeigniter4/Mini-projet_systemTech-RH/system/Boot.php(68): CodeIgniter\Boot::runCodeIgniter(Object(CodeIgniter\CodeIgniter))
#13 /opt/lampp/htdocs/S4/SysInf/codeigniter4/Mini-projet_systemTech-RH/public/index.php(59): CodeIgniter\Boot::bootWeb(Object(Config\Paths))
#14 /opt/lampp/htdocs/S4/SysInf/codeigniter4/Mini-projet_systemTech-RH/system/rewrite.php(44): require_once('/opt/lampp/htdo...')
#15 {main}

Next CodeIgniter\Database\Exceptions\DatabaseException: Connection refused in /opt/lampp/htdocs/S4/SysInf/codeigniter4/Mini-projet_systemTech-RH/system/Database/MySQLi/Connection.php:231
Stack trace:
#0 /opt/lampp/htdocs/S4/SysInf/codeigniter4/Mini-projet_systemTech-RH/system/Database/BaseConnection.php(555): CodeIgniter\Database\MySQLi\Connection->connect(false)
#1 /opt/lampp/htdocs/S4/SysInf/codeigniter4/Mini-projet_systemTech-RH/system/Database/BaseConnection.php(795): CodeIgniter\Database\BaseConnection->initialize()
#2 /opt/lampp/htdocs/S4/SysInf/codeigniter4/Mini-projet_systemTech-RH/system/Database/BaseBuilder.php(1649): CodeIgniter\Database\BaseConnection->query('SELECT `utilisa...', Array, false)
#3 /opt/lampp/htdocs/S4/SysInf/codeigniter4/Mini-projet_systemTech-RH/system/Model.php(295): CodeIgniter\Database\BaseBuilder->get()
#4 /opt/lampp/htdocs/S4/SysInf/codeigniter4/Mini-projet_systemTech-RH/system/BaseModel.php(714): CodeIgniter\Model->doFirst()
#5 /opt/lampp/htdocs/S4/SysInf/codeigniter4/Mini-projet_systemTech-RH/app/Models/UtilisateurModel.php(100): CodeIgniter\BaseModel->first()
#6 /opt/lampp/htdocs/S4/SysInf/codeigniter4/Mini-projet_systemTech-RH/app/Controllers/AuthController.php(20): App\Models\UtilisateurModel->getAdminLoginData()
#7 /opt/lampp/htdocs/S4/SysInf/codeigniter4/Mini-projet_systemTech-RH/system/CodeIgniter.php(951): App\Controllers\AuthController->login()
#8 /opt/lampp/htdocs/S4/SysInf/codeigniter4/Mini-projet_systemTech-RH/system/CodeIgniter.php(497): CodeIgniter\CodeIgniter->runController(Object(App\Controllers\AuthController))
#9 /opt/lampp/htdocs/S4/SysInf/codeigniter4/Mini-projet_systemTech-RH/system/CodeIgniter.php(340): CodeIgniter\CodeIgniter->handleRequest(NULL, Object(Config\Cache), false)
#10 /opt/lampp/htdocs/S4/SysInf/codeigniter4/Mini-projet_systemTech-RH/system/Boot.php(417): CodeIgniter\CodeIgniter->run()
#11 /opt/lampp/htdocs/S4/SysInf/codeigniter4/Mini-projet_systemTech-RH/system/Boot.php(68): CodeIgniter\Boot::runCodeIgniter(Object(CodeIgniter\CodeIgniter))
#12 /opt/lampp/htdocs/S4/SysInf/codeigniter4/Mini-projet_systemTech-RH/public/index.php(59): CodeIgniter\Boot::bootWeb(Object(Config\Paths))
#13 /opt/lampp/htdocs/S4/SysInf/codeigniter4/Mini-projet_systemTech-RH/system/rewrite.php(44): require_once('/opt/lampp/htdo...')
#14 {main}
WARNING - 2026-05-13 06:57:48 --> [DEPRECATED] Passing lowercase HTTP method "get" is deprecated. Use uppercase HTTP method like "GET". in SYSTEMPATH/Router/RouteCollection.php on line 1026.
 1 SYSTEMPATH/Router/RouteCollection.php(1026): trigger_error('Passing lowercase HTTP method "get" is deprecated. Use uppercase HTTP method like "GET".', 16384)
 2 APPPATH/Config/Routes.php(12): CodeIgniter\Router\RouteCollection->match([...], 'objectifs/choose', 'ObjectifController::choose', [...])
 3 SYSTEMPATH/Router/RouteCollection.php(339): require('/opt/lampp/htdocs/S4/SysInf/codeigniter4/Mini-projet_systemTech-RH/app/Config/Routes.php')
 4 SYSTEMPATH/CodeIgniter.php(818): CodeIgniter\Router\RouteCollection->loadRoutes()
 5 SYSTEMPATH/CodeIgniter.php(441): CodeIgniter\CodeIgniter->tryToRouteIt(null)
 6 SYSTEMPATH/CodeIgniter.php(340): CodeIgniter\CodeIgniter->handleRequest(null, Object(Config\Cache), false)
 7 SYSTEMPATH/Boot.php(417): CodeIgniter\CodeIgniter->run()
 8 SYSTEMPATH/Boot.php(68): CodeIgniter\Boot::runCodeIgniter(Object(CodeIgniter\CodeIgniter))
 9 FCPATH/index.php(59): CodeIgniter\Boot::bootWeb(Object(Config\Paths))
10 SYSTEMPATH/rewrite.php(44): require_once('/opt/lampp/htdocs/S4/SysInf/codeigniter4/Mini-projet_systemTech-RH/public/index.php')
WARNING - 2026-05-13 06:57:48 --> [DEPRECATED] Passing lowercase HTTP method "post" is deprecated. Use uppercase HTTP method like "POST". in SYSTEMPATH/Router/RouteCollection.php on line 1026.
 1 SYSTEMPATH/Router/RouteCollection.php(1026): trigger_error('Passing lowercase HTTP method "post" is deprecated. Use uppercase HTTP method like "POST".', 16384)
 2 APPPATH/Config/Routes.php(12): CodeIgniter\Router\RouteCollection->match([...], 'objectifs/choose', 'ObjectifController::choose', [...])
 3 SYSTEMPATH/Router/RouteCollection.php(339): require('/opt/lampp/htdocs/S4/SysInf/codeigniter4/Mini-projet_systemTech-RH/app/Config/Routes.php')
 4 SYSTEMPATH/CodeIgniter.php(818): CodeIgniter\Router\RouteCollection->loadRoutes()
 5 SYSTEMPATH/CodeIgniter.php(441): CodeIgniter\CodeIgniter->tryToRouteIt(null)
 6 SYSTEMPATH/CodeIgniter.php(340): CodeIgniter\CodeIgniter->handleRequest(null, Object(Config\Cache), false)
 7 SYSTEMPATH/Boot.php(417): CodeIgniter\CodeIgniter->run()
 8 SYSTEMPATH/Boot.php(68): CodeIgniter\Boot::runCodeIgniter(Object(CodeIgniter\CodeIgniter))
 9 FCPATH/index.php(59): CodeIgniter\Boot::bootWeb(Object(Config\Paths))
10 SYSTEMPATH/rewrite.php(44): require_once('/opt/lampp/htdocs/S4/SysInf/codeigniter4/Mini-projet_systemTech-RH/public/index.php')
ERROR - 2026-05-13 06:57:48 --> Error connecting to the database: mysqli_sql_exception: Connection refused in /opt/lampp/htdocs/S4/SysInf/codeigniter4/Mini-projet_systemTech-RH/system/Database/MySQLi/Connection.php:201
Stack trace:
#0 /opt/lampp/htdocs/S4/SysInf/codeigniter4/Mini-projet_systemTech-RH/system/Database/MySQLi/Connection.php(201): mysqli->real_connect('127.0.0.1', 'root', Object(SensitiveParameterValue), 'gestionsante', 3306, '', 0)
#1 /opt/lampp/htdocs/S4/SysInf/codeigniter4/Mini-projet_systemTech-RH/system/Database/BaseConnection.php(555): CodeIgniter\Database\MySQLi\Connection->connect(false)
#2 /opt/lampp/htdocs/S4/SysInf/codeigniter4/Mini-projet_systemTech-RH/system/Database/BaseConnection.php(795): CodeIgniter\Database\BaseConnection->initialize()
#3 /opt/lampp/htdocs/S4/SysInf/codeigniter4/Mini-projet_systemTech-RH/system/Database/BaseBuilder.php(1649): CodeIgniter\Database\BaseConnection->query('SELECT `utilisa...', Array, false)
#4 /opt/lampp/htdocs/S4/SysInf/codeigniter4/Mini-projet_systemTech-RH/system/Model.php(295): CodeIgniter\Database\BaseBuilder->get()
#5 /opt/lampp/htdocs/S4/SysInf/codeigniter4/Mini-projet_systemTech-RH/system/BaseModel.php(714): CodeIgniter\Model->doFirst()
#6 /opt/lampp/htdocs/S4/SysInf/codeigniter4/Mini-projet_systemTech-RH/app/Models/UtilisateurModel.php(100): CodeIgniter\BaseModel->first()
#7 /opt/lampp/htdocs/S4/SysInf/codeigniter4/Mini-projet_systemTech-RH/app/Controllers/AuthController.php(20): App\Models\UtilisateurModel->getAdminLoginData()
#8 /opt/lampp/htdocs/S4/SysInf/codeigniter4/Mini-projet_systemTech-RH/system/CodeIgniter.php(951): App\Controllers\AuthController->login()
#9 /opt/lampp/htdocs/S4/SysInf/codeigniter4/Mini-projet_systemTech-RH/system/CodeIgniter.php(497): CodeIgniter\CodeIgniter->runController(Object(App\Controllers\AuthController))
#10 /opt/lampp/htdocs/S4/SysInf/codeigniter4/Mini-projet_systemTech-RH/system/CodeIgniter.php(340): CodeIgniter\CodeIgniter->handleRequest(NULL, Object(Config\Cache), false)
#11 /opt/lampp/htdocs/S4/SysInf/codeigniter4/Mini-projet_systemTech-RH/system/Boot.php(417): CodeIgniter\CodeIgniter->run()
#12 /opt/lampp/htdocs/S4/SysInf/codeigniter4/Mini-projet_systemTech-RH/system/Boot.php(68): CodeIgniter\Boot::runCodeIgniter(Object(CodeIgniter\CodeIgniter))
#13 /opt/lampp/htdocs/S4/SysInf/codeigniter4/Mini-projet_systemTech-RH/public/index.php(59): CodeIgniter\Boot::bootWeb(Object(Config\Paths))
#14 /opt/lampp/htdocs/S4/SysInf/codeigniter4/Mini-projet_systemTech-RH/system/rewrite.php(44): require_once('/opt/lampp/htdo...')
#15 {main}

Next CodeIgniter\Database\Exceptions\DatabaseException: Connection refused in /opt/lampp/htdocs/S4/SysInf/codeigniter4/Mini-projet_systemTech-RH/system/Database/MySQLi/Connection.php:231
Stack trace:
#0 /opt/lampp/htdocs/S4/SysInf/codeigniter4/Mini-projet_systemTech-RH/system/Database/BaseConnection.php(555): CodeIgniter\Database\MySQLi\Connection->connect(false)
#1 /opt/lampp/htdocs/S4/SysInf/codeigniter4/Mini-projet_systemTech-RH/system/Database/BaseConnection.php(795): CodeIgniter\Database\BaseConnection->initialize()
#2 /opt/lampp/htdocs/S4/SysInf/codeigniter4/Mini-projet_systemTech-RH/system/Database/BaseBuilder.php(1649): CodeIgniter\Database\BaseConnection->query('SELECT `utilisa...', Array, false)
#3 /opt/lampp/htdocs/S4/SysInf/codeigniter4/Mini-projet_systemTech-RH/system/Model.php(295): CodeIgniter\Database\BaseBuilder->get()
#4 /opt/lampp/htdocs/S4/SysInf/codeigniter4/Mini-projet_systemTech-RH/system/BaseModel.php(714): CodeIgniter\Model->doFirst()
#5 /opt/lampp/htdocs/S4/SysInf/codeigniter4/Mini-projet_systemTech-RH/app/Models/UtilisateurModel.php(100): CodeIgniter\BaseModel->first()
#6 /opt/lampp/htdocs/S4/SysInf/codeigniter4/Mini-projet_systemTech-RH/app/Controllers/AuthController.php(20): App\Models\UtilisateurModel->getAdminLoginData()
#7 /opt/lampp/htdocs/S4/SysInf/codeigniter4/Mini-projet_systemTech-RH/system/CodeIgniter.php(951): App\Controllers\AuthController->login()
#8 /opt/lampp/htdocs/S4/SysInf/codeigniter4/Mini-projet_systemTech-RH/system/CodeIgniter.php(497): CodeIgniter\CodeIgniter->runController(Object(App\Controllers\AuthController))
#9 /opt/lampp/htdocs/S4/SysInf/codeigniter4/Mini-projet_systemTech-RH/system/CodeIgniter.php(340): CodeIgniter\CodeIgniter->handleRequest(NULL, Object(Config\Cache), false)
#10 /opt/lampp/htdocs/S4/SysInf/codeigniter4/Mini-projet_systemTech-RH/system/Boot.php(417): CodeIgniter\CodeIgniter->run()
#11 /opt/lampp/htdocs/S4/SysInf/codeigniter4/Mini-projet_systemTech-RH/system/Boot.php(68): CodeIgniter\Boot::runCodeIgniter(Object(CodeIgniter\CodeIgniter))
#12 /opt/lampp/htdocs/S4/SysInf/codeigniter4/Mini-projet_systemTech-RH/public/index.php(59): CodeIgniter\Boot::bootWeb(Object(Config\Paths))
#13 /opt/lampp/htdocs/S4/SysInf/codeigniter4/Mini-projet_systemTech-RH/system/rewrite.php(44): require_once('/opt/lampp/htdo...')
#14 {main}
WARNING - 2026-05-13 06:58:30 --> [DEPRECATED] Passing lowercase HTTP method "get" is deprecated. Use uppercase HTTP method like "GET". in SYSTEMPATH/Router/RouteCollection.php on line 1026.
 1 SYSTEMPATH/Router/RouteCollection.php(1026): trigger_error('Passing lowercase HTTP method "get" is deprecated. Use uppercase HTTP method like "GET".', 16384)
 2 APPPATH/Config/Routes.php(12): CodeIgniter\Router\RouteCollection->match([...], 'objectifs/choose', 'ObjectifController::choose', [...])
 3 SYSTEMPATH/Router/RouteCollection.php(339): require('/opt/lampp/htdocs/S4/SysInf/codeigniter4/Mini-projet_systemTech-RH/app/Config/Routes.php')
 4 SYSTEMPATH/CodeIgniter.php(818): CodeIgniter\Router\RouteCollection->loadRoutes()
 5 SYSTEMPATH/CodeIgniter.php(441): CodeIgniter\CodeIgniter->tryToRouteIt(null)
 6 SYSTEMPATH/CodeIgniter.php(340): CodeIgniter\CodeIgniter->handleRequest(null, Object(Config\Cache), false)
 7 SYSTEMPATH/Boot.php(417): CodeIgniter\CodeIgniter->run()
 8 SYSTEMPATH/Boot.php(68): CodeIgniter\Boot::runCodeIgniter(Object(CodeIgniter\CodeIgniter))
 9 FCPATH/index.php(59): CodeIgniter\Boot::bootWeb(Object(Config\Paths))
10 SYSTEMPATH/rewrite.php(44): require_once('/opt/lampp/htdocs/S4/SysInf/codeigniter4/Mini-projet_systemTech-RH/public/index.php')
WARNING - 2026-05-13 06:58:30 --> [DEPRECATED] Passing lowercase HTTP method "post" is deprecated. Use uppercase HTTP method like "POST". in SYSTEMPATH/Router/RouteCollection.php on line 1026.
 1 SYSTEMPATH/Router/RouteCollection.php(1026): trigger_error('Passing lowercase HTTP method "post" is deprecated. Use uppercase HTTP method like "POST".', 16384)
 2 APPPATH/Config/Routes.php(12): CodeIgniter\Router\RouteCollection->match([...], 'objectifs/choose', 'ObjectifController::choose', [...])
 3 SYSTEMPATH/Router/RouteCollection.php(339): require('/opt/lampp/htdocs/S4/SysInf/codeigniter4/Mini-projet_systemTech-RH/app/Config/Routes.php')
 4 SYSTEMPATH/CodeIgniter.php(818): CodeIgniter\Router\RouteCollection->loadRoutes()
 5 SYSTEMPATH/CodeIgniter.php(441): CodeIgniter\CodeIgniter->tryToRouteIt(null)
 6 SYSTEMPATH/CodeIgniter.php(340): CodeIgniter\CodeIgniter->handleRequest(null, Object(Config\Cache), false)
 7 SYSTEMPATH/Boot.php(417): CodeIgniter\CodeIgniter->run()
 8 SYSTEMPATH/Boot.php(68): CodeIgniter\Boot::runCodeIgniter(Object(CodeIgniter\CodeIgniter))
 9 FCPATH/index.php(59): CodeIgniter\Boot::bootWeb(Object(Config\Paths))
10 SYSTEMPATH/rewrite.php(44): require_once('/opt/lampp/htdocs/S4/SysInf/codeigniter4/Mini-projet_systemTech-RH/public/index.php')
ERROR - 2026-05-13 06:58:30 --> Error connecting to the database: mysqli_sql_exception: Connection refused in /opt/lampp/htdocs/S4/SysInf/codeigniter4/Mini-projet_systemTech-RH/system/Database/MySQLi/Connection.php:201
Stack trace:
#0 /opt/lampp/htdocs/S4/SysInf/codeigniter4/Mini-projet_systemTech-RH/system/Database/MySQLi/Connection.php(201): mysqli->real_connect('127.0.0.1', 'root', Object(SensitiveParameterValue), 'gestionsante', 3306, '', 0)
#1 /opt/lampp/htdocs/S4/SysInf/codeigniter4/Mini-projet_systemTech-RH/system/Database/BaseConnection.php(555): CodeIgniter\Database\MySQLi\Connection->connect(false)
#2 /opt/lampp/htdocs/S4/SysInf/codeigniter4/Mini-projet_systemTech-RH/system/Database/BaseConnection.php(795): CodeIgniter\Database\BaseConnection->initialize()
#3 /opt/lampp/htdocs/S4/SysInf/codeigniter4/Mini-projet_systemTech-RH/system/Database/BaseBuilder.php(1649): CodeIgniter\Database\BaseConnection->query('SELECT `utilisa...', Array, false)
#4 /opt/lampp/htdocs/S4/SysInf/codeigniter4/Mini-projet_systemTech-RH/system/Model.php(295): CodeIgniter\Database\BaseBuilder->get()
#5 /opt/lampp/htdocs/S4/SysInf/codeigniter4/Mini-projet_systemTech-RH/system/BaseModel.php(714): CodeIgniter\Model->doFirst()
#6 /opt/lampp/htdocs/S4/SysInf/codeigniter4/Mini-projet_systemTech-RH/app/Models/UtilisateurModel.php(100): CodeIgniter\BaseModel->first()
#7 /opt/lampp/htdocs/S4/SysInf/codeigniter4/Mini-projet_systemTech-RH/app/Controllers/AuthController.php(20): App\Models\UtilisateurModel->getAdminLoginData()
#8 /opt/lampp/htdocs/S4/SysInf/codeigniter4/Mini-projet_systemTech-RH/system/CodeIgniter.php(951): App\Controllers\AuthController->login()
#9 /opt/lampp/htdocs/S4/SysInf/codeigniter4/Mini-projet_systemTech-RH/system/CodeIgniter.php(497): CodeIgniter\CodeIgniter->runController(Object(App\Controllers\AuthController))
#10 /opt/lampp/htdocs/S4/SysInf/codeigniter4/Mini-projet_systemTech-RH/system/CodeIgniter.php(340): CodeIgniter\CodeIgniter->handleRequest(NULL, Object(Config\Cache), false)
#11 /opt/lampp/htdocs/S4/SysInf/codeigniter4/Mini-projet_systemTech-RH/system/Boot.php(417): CodeIgniter\CodeIgniter->run()
#12 /opt/lampp/htdocs/S4/SysInf/codeigniter4/Mini-projet_systemTech-RH/system/Boot.php(68): CodeIgniter\Boot::runCodeIgniter(Object(CodeIgniter\CodeIgniter))
#13 /opt/lampp/htdocs/S4/SysInf/codeigniter4/Mini-projet_systemTech-RH/public/index.php(59): CodeIgniter\Boot::bootWeb(Object(Config\Paths))
#14 /opt/lampp/htdocs/S4/SysInf/codeigniter4/Mini-projet_systemTech-RH/system/rewrite.php(44): require_once('/opt/lampp/htdo...')
#15 {main}

Next CodeIgniter\Database\Exceptions\DatabaseException: Connection refused in /opt/lampp/htdocs/S4/SysInf/codeigniter4/Mini-projet_systemTech-RH/system/Database/MySQLi/Connection.php:231
Stack trace:
#0 /opt/lampp/htdocs/S4/SysInf/codeigniter4/Mini-projet_systemTech-RH/system/Database/BaseConnection.php(555): CodeIgniter\Database\MySQLi\Connection->connect(false)
#1 /opt/lampp/htdocs/S4/SysInf/codeigniter4/Mini-projet_systemTech-RH/system/Database/BaseConnection.php(795): CodeIgniter\Database\BaseConnection->initialize()
#2 /opt/lampp/htdocs/S4/SysInf/codeigniter4/Mini-projet_systemTech-RH/system/Database/BaseBuilder.php(1649): CodeIgniter\Database\BaseConnection->query('SELECT `utilisa...', Array, false)
#3 /opt/lampp/htdocs/S4/SysInf/codeigniter4/Mini-projet_systemTech-RH/system/Model.php(295): CodeIgniter\Database\BaseBuilder->get()
#4 /opt/lampp/htdocs/S4/SysInf/codeigniter4/Mini-projet_systemTech-RH/system/BaseModel.php(714): CodeIgniter\Model->doFirst()
#5 /opt/lampp/htdocs/S4/SysInf/codeigniter4/Mini-projet_systemTech-RH/app/Models/UtilisateurModel.php(100): CodeIgniter\BaseModel->first()
#6 /opt/lampp/htdocs/S4/SysInf/codeigniter4/Mini-projet_systemTech-RH/app/Controllers/AuthController.php(20): App\Models\UtilisateurModel->getAdminLoginData()
#7 /opt/lampp/htdocs/S4/SysInf/codeigniter4/Mini-projet_systemTech-RH/system/CodeIgniter.php(951): App\Controllers\AuthController->login()
#8 /opt/lampp/htdocs/S4/SysInf/codeigniter4/Mini-projet_systemTech-RH/system/CodeIgniter.php(497): CodeIgniter\CodeIgniter->runController(Object(App\Controllers\AuthController))
#9 /opt/lampp/htdocs/S4/SysInf/codeigniter4/Mini-projet_systemTech-RH/system/CodeIgniter.php(340): CodeIgniter\CodeIgniter->handleRequest(NULL, Object(Config\Cache), false)
#10 /opt/lampp/htdocs/S4/SysInf/codeigniter4/Mini-projet_systemTech-RH/system/Boot.php(417): CodeIgniter\CodeIgniter->run()
#11 /opt/lampp/htdocs/S4/SysInf/codeigniter4/Mini-projet_systemTech-RH/system/Boot.php(68): CodeIgniter\Boot::runCodeIgniter(Object(CodeIgniter\CodeIgniter))
#12 /opt/lampp/htdocs/S4/SysInf/codeigniter4/Mini-projet_systemTech-RH/public/index.php(59): CodeIgniter\Boot::bootWeb(Object(Config\Paths))
#13 /opt/lampp/htdocs/S4/SysInf/codeigniter4/Mini-projet_systemTech-RH/system/rewrite.php(44): require_once('/opt/lampp/htdo...')
#14 {main}
